Avatar cleanup started
Directory: /home/ubuntu/ultramax-landing/images/user-avatars
Max age:  90 days
Mode:     delete


Cleanup complete. Deleted 0 file(s).
Avatar cleanup started
Directory: /home/ubuntu/ultramax-landing/images/user-avatars
Max age:  90 days
Mode:     delete


Cleanup complete. Deleted 0 file(s).
Avatar cleanup started
Directory: /home/ubuntu/ultramax-landing/images/user-avatars
Max age:  90 days
Mode:     delete


Cleanup complete. Deleted 0 file(s).
Avatar cleanup started
Directory: /home/ubuntu/ultramax-landing/images/user-avatars
Max age:  90 days
Mode:     delete


Cleanup complete. Deleted 0 file(s).
Avatar cleanup started
Directory: /home/ubuntu/ultramax-landing/images/user-avatars
Max age:  90 days
Mode:     delete


Cleanup complete. Deleted 0 file(s).
Avatar cleanup started
Directory: /home/ubuntu/ultramax-landing/images/user-avatars
Max age:  90 days
Mode:     delete


Cleanup complete. Deleted 0 file(s).
